// Vitest Snapshot v1, https://vitest.dev/guide/snapshot.html

exports[`seedWeekRows > is the same week every time, down to the copy 1`] = `
[
  {
    "athleteId": "a0000000-0000-4000-8000-000000000001",
    "date": "2026-09-07",
    "dayOrder": 0,
    "duration": 60,
    "feedbackBody": 4,
    "feedbackComment": "Felt smooth.",
    "feedbackMind": 4,
    "isTraining": true,
    "note": "Keep it conversational.",
    "origin": "coach",
    "ratedAt": 2026-09-16T08:30:00.000Z,
    "status": "completed",
    "title": "Easy aerobic ride",
    "type": "Endurance",
    "zone": "Zone 2",
  },
  {
    "athleteId": "a0000000-0000-4000-8000-000000000001",
    "date": "2026-09-08",
    "dayOrder": 0,
    "duration": 45,
    "feedbackBody": 2,
    "feedbackComment": "Legs heavy on the last rep.",
    "feedbackMind": 3,
    "isTraining": true,
    "note": "4 x 6 min at threshold.",
    "origin": "coach",
    "ratedAt": 2026-09-16T08:30:00.000Z,
    "status": "completed",
    "title": "Threshold intervals",
    "type": "Intensity",
    "zone": "Zone 4",
  },
  {
    "athleteId": "a0000000-0000-4000-8000-000000000001",
    "date": "2026-09-09",
    "dayOrder": 0,
    "duration": 40,
    "feedbackBody": null,
    "feedbackComment": null,
    "feedbackMind": null,
    "isTraining": true,
    "note": "Technique focus, easy effort.",
    "origin": "coach",
    "ratedAt": null,
    "status": "completed",
    "title": "Easy swim",
    "type": "Recovery",
    "zone": "Zone 1",
  },
  {
    "athleteId": "a0000000-0000-4000-8000-000000000001",
    "date": "2026-09-10",
    "dayOrder": 0,
    "duration": 60,
    "feedbackBody": null,
    "feedbackComment": null,
    "feedbackMind": null,
    "isTraining": true,
    "note": "20 min steady in the middle.",
    "origin": "coach",
    "ratedAt": null,
    "status": "completed",
    "title": "Tempo run",
    "type": "Tempo",
    "zone": "Zone 3",
  },
  {
    "athleteId": "a0000000-0000-4000-8000-000000000001",
    "date": "2026-09-12",
    "dayOrder": 0,
    "duration": 180,
    "feedbackBody": null,
    "feedbackComment": null,
    "feedbackMind": null,
    "isTraining": true,
    "note": "Fuel every 45 min.",
    "origin": "coach",
    "ratedAt": null,
    "status": "completed",
    "title": "Long ride",
    "type": "Endurance",
    "zone": "Zone 2",
  },
  {
    "athleteId": "a0000000-0000-4000-8000-000000000001",
    "date": "2026-09-13",
    "dayOrder": 0,
    "duration": 45,
    "feedbackBody": null,
    "feedbackComment": null,
    "feedbackMind": null,
    "id": "fea99a5e-0c10-56fd-88ec-b9a885dd01c3",
    "isTraining": true,
    "note": "Core and single-leg work.",
    "origin": "athlete",
    "ratedAt": null,
    "status": "completed",
    "title": "Strength & mobility",
    "type": "Strength",
    "zone": null,
  },
]
`;
