// Vitest Snapshot v1, https://vitest.dev/guide/snapshot.html

exports[`an athlete with no Head Coach is untouched by slice 08 > resolves to exactly the arithmetic draft, with no head_coach author anywhere 1`] = `
[
  {
    "authoredBy": "arithmetic",
    "endDate": "2026-10-27",
    "index": 1,
    "name": "Base",
    "startDate": "2026-09-14",
    "total": 4,
  },
  {
    "authoredBy": "arithmetic",
    "endDate": "2026-12-12",
    "index": 2,
    "name": "Build",
    "startDate": "2026-10-28",
    "total": 4,
  },
  {
    "authoredBy": "arithmetic",
    "endDate": "2027-01-27",
    "index": 3,
    "name": "Peak",
    "startDate": "2026-12-13",
    "total": 4,
  },
  {
    "authoredBy": "arithmetic",
    "endDate": "2027-03-14",
    "index": 4,
    "name": "Race prep",
    "startDate": "2027-01-28",
    "total": 4,
  },
]
`;
